[siat.sat.gob.mx/app/qr/faces/pages/mobile/validadorqr0312.html]
[backblue.gif]
[fade.gif]
[index.html]
[siat.sat.gob.mx/app/qr/faces/css/prueba.css]
[siat.sat.gob.mx/app/qr/faces/pages/mobile/validadorqr0312.html]
[siat.sat.gob.mx/app/qr/faces/css/validacionCIF.css]
[siat.sat.gob.mx/app/qr/faces/css/images/icons-18-white.3.delayed]
[siat.sat.gob.mx/app/qr/faces/css/images/icons-18-black.4.delayed]
[siat.sat.gob.mx/app/qr/faces/css/images/icons-36-white.5.delayed]
[siat.sat.gob.mx/app/qr/faces/css/images/icons-36-black.6.delayed]
[siat.sat.gob.mx/app/qr/faces/css/images/ajax-loader.7.delayed]
[siat.sat.gob.mx/app/qr/faces/css/prueba.css]
[siat.sat.gob.mx/app/qr/faces/css/validacionCIF.css]
[siat.sat.gob.mx/app/qr/faces/css/images/icons-18-white.html]
[siat.sat.gob.mx/app/qr/faces/css/images/icons-18-black.html]
[siat.sat.gob.mx/app/qr/faces/css/images/icons-36-white.html]
[siat.sat.gob.mx/app/qr/faces/css/images/icons-36-black.html]
[siat.sat.gob.mx/app/qr/faces/css/images/ajax-loader.html]
